<PAGEOBJECTS><PAGEOBJECT OnMasterPage="" isGroupControl="0" BottomLine="0" REXTRA="0" gHeight="3.22151e-264" gWidth="3.22102e-264" NUMPO="16" TransBlendS="0" PLINEART="1" doOverprint="0" RightLine="0" LOCALSCX="1" ROT="0" ImageRes="1" GROUPS="" LOCKR="0" LOCALSCY="1" NAMEDLST="" isInline="0" AUTOTEXT="0" FLIPPEDV="0" PCOLOR="None" RADRECT="0" REVERS="0" PRINTABLE="1" RATIO="1" FLIPPEDH="0" COLGAP="0" PCOLOR2="None" NEXTITEM="-1" NUMGROUP="0" TransValue="0" textPathFlipped="0" PLINEEND="0" FRTYPE="0" PTYPE="4" ImageClip="" isTableItem="0" TEXTFLOW2="0" SHADE2="100" PWIDTH="1" DASHOFF="0" PFILE2="" PFILE="" TEXTFLOW3="0" textPathType="0" PLTSHOW="0" CLIPEDIT="0" BACKITEM="-1" TransValueS="0" EMBEDDED="1" PFILE3="" SHADE="100" fillRule="1" COCOOR="0 0 0 0 259 0 259 0 259 0 259 0 259 190 259 190 259 190 259 190 0 190 0 190 0 190 0 190 0 0 0 0 " BASEOF="0" PICART="1" COLUMNS="1" OwnPage="0" LAYER="0" BOOKMARK="0" gYpos="3.22054e-264" startArrowIndex="0" TopLine="0" LOCK="0" EPROF="" gXpos="3.22005e-264" DASHS="" IRENDER="1" TEXTFLOW="0" TEXTFLOWMODE="0" ANNOTATION="0" LOCALX="0" GRTYP="0" NUMCO="16" EXTRA="0" LOCALY="0" NUMDASH="0" LeftLine="0" PRFILE="" TEXTRA="0" SCALETYPE="1" endArrowIndex="0" TransBlend="0" BEXTRA="0" PLINEJOIN="0" ANNAME="id2264059" WIDTH="259" HEIGHT="190" XPOS="180" YPOS="180" POCOOR="0 0 0 0 259 0 259 0 259 0 259 0 259 190 259 190 259 190 259 190 0 190 0 190 0 190 0 190 0 0 0 0 "/></PAGEOBJECTS>