

<html>
  <head>
    <meta http-equiv="Content-Type" content="text/html; charset=UTF-8">
    <title>I am a title</title>
    <link rel="rss" href="/rss.xml" />
  </head> 
   <body>Early text<p>Paragraph one</p>
   <p>Paragraph two</p>
   extra
 </body>
</html>
