<SCRIBUSUTF8NEW>
    <DOCUMENT>
        <MASTERPAGE />
        <PAGE />
        <PAGEOBJECT ANNAME="id1">
            <ITEXT CH="lorem" />
            <para />
            <ITEXT CH="ipsum" />
            <para  />
            <PageItemAttributes/>
        </PAGEOBJECT>
        <PAGEOBJECT ANNAME="id2">
            <ITEXT CH="simple pageobject" />
            <para />
            <PageItemAttributes/>
    	</PAGEOBJECT>
    </DOCUMENT>
</SCRIBUSUTF8NEW>