<html>
 <head>
  <meta http-equiv="Content-Type" content="text/html; charset=UTF-8">
  <title>I am a title</title>
  <link rel="rss" href="/rss.xml" />
 </head>
 <body>
   Some text
   <div id="content">
   <p>Paragraph one</p>
   <p>Paragraph two</p>
   </div>
 </body>
</html>
