  <html>
     <head>
       <meta http-equiv="Content-Type" content="text/html; charset=UTF-8">
       <style type="text/css">
         @import url(http://localhost/foo/bar/whatever.css)
       </style>
     </head>
     <body>
        <a href="http://localhost/foo/bar/quux/zoop">zoop</a>
     </body>
  </html>
